// Jest Snapshot v1, https://goo.gl/fbAQLP

exports[`the SearchResults component with results matches the snapshot 1`] = `
<div
  className="fHBGlL"
>
  <h2
    className="screen-reader-text"
  >
    Search results
  </h2>
  <ul
    className="fsHftB"
    role="list"
  >
    <li
      className="hdVnRx"
      onClick={[Function]}
    >
      <a
        className="kHNKbt"
        href="https://kb.yoast.com/kb/passive-voice/"
        onClick={[Function]}
      >
        <p
          className="eEZgjU"
        />
      </a>
    </li>
  </ul>
</div>
`;

exports[`the SearchResults component without results matches the snapshot 1`] = `
<p
  className="jmtvuJ"
>
  No results found.
</p>
`;
