// Jest Snapshot v1, https://goo.gl/fbAQLP

exports[`the SubNavigation with active first tab matches the snapshot 1`] = `
<div>
  <section
    className="tab-active sc-bdVaJa hboHnN"
  >
    <p>
      This is some content
    </p>
  </section>
  <section
    className="sc-bdVaJa hboHnN"
  >
    <p>
      This is some content
    </p>
  </section>
  <section
    className="sc-bdVaJa hboHnN"
  >
    <p>
      This is some content
    </p>
  </section>
</div>
`;
