// Jest Snapshot v1, https://goo.gl/fbAQLP

exports[`the StackedProgressBar matches the snapshot 1`] = `
<div
  className="stacked-progress-bar faHKHJ"
>
  <span
    className="stacked-progress-bar__part eGvSUX"
  />
  <span
    className="stacked-progress-bar__part dyhkij"
  />
  <span
    className="stacked-progress-bar__part cKWIHR"
  />
  <span
    className="stacked-progress-bar__part hxqjw"
  />
</div>
`;
