// Jest Snapshot v1, https://goo.gl/fbAQLP

exports[`The CornerstoneToggle matches the snapshot 1`] = `
<div
  className="hSTnid"
>
  <div
    className="htQnqD"
  >
    <span
      className="heNjQk"
      id="cornerstone-toggle"
      onClick={[Function]}
    >
      Mark as cornerstone content
    </span>
    <div
      aria-checked={false}
      aria-disabled={undefined}
      aria-labelledby="cornerstone-toggle"
      className="eNbVTM"
      onClick={[Function]}
      onKeyDown={[Function]}
      onKeyUp={[Function]}
      role="checkbox"
      tabIndex="0"
    >
      <span
        className="cqHmqZ"
      />
    </div>
    <span
      aria-hidden="true"
      className="bGErHa"
    >
      Off
    </span>
  </div>
</div>
`;
